03-15 22:17:37.682  2078  2154 I PkgPredictorService-SecIpmManagerServiceImpl: reportToNAP uid:10197 com.android.todolist/com.android.todolist.MainActivity thisTime:100
03-15 22:17:37.685 12152 12869 I SAMSUNGPAY: [Hint_js0] isHomePackageRunning topPkgName = com.android.todolist, topClsName = com.android.todolist.MainActivity, return false , se : false
03-15 22:17:37.687  2662  2662 D NavigationBar: onSystemBarAttributesChanged() -  displayId:0, appearance:16, packageName: com.android.todolist (APPEARANCE_LIGHT_NAVIGATION_BARS ), navbarColorManagedByIme:false
03-15 22:17:37.688  2662  2662 D SamsungLightBarControlHelper: updateNavigation(Black button) isLightBar:false, hasLightBarNavigationBarFlag:true, packageName:com.android.todolist, DirectReplying:false, NavBarColorManagerdByIme:false, ForceDarkForScrim:false, QsCustomizing:false, PanelHasWhiteBg:true
03-15 22:17:37.688  1320  1320 I Layer   : Layer [com.android.todolist/com.android.todolist.MainActivity$_6740#1388] hidden!! flag(0)
03-15 22:17:37.689  2078  5242 D InputDispatcher: Focus entered window (0): 91ef92f com.android.todolist/com.android.todolist.MainActivity
03-15 22:17:37.690  2078  2158 D ActivityTaskManager: mStartingWindow and mStartingData is null for token=ActivityRecord{2b9b0dd u0 com.android.todolist/.MainActivity} t1244}
03-15 22:17:37.697  1320  1320 D SurfaceFlinger:      CLIENT | 0xb400007109617a80 | 0102 | RGBA_8888    |    0.0   81.0 1080.0 2283.0 |  201  379  881 1767 | com.android.todolist/com.android.todolist.MainActivity$_6740#1388
03-15 22:17:37.783  2078  2730 I WindowManager: Reparenting to leash, surface=Surface(name=acc2d92 SnapshotStartingWindow for taskId=1244)/@0x81999af, leashParent=Surface(name=ActivityRecord{2b9b0dd u0 com.android.todolist/.MainActivity} t1244})/@0x9343535
03-15 22:17:37.805  2078  3062 D MdnieScenarioControlService:  packageName : com.android.todolist    className : com.android.todolist.MainActivity
03-15 22:17:37.945  2078  2158 I WindowManager: Reparenting to original parent: Surface(name=ActivityRecord{2b9b0dd u0 com.android.todolist/.MainActivity} t1244})/@0x9343535, destroy=true, surface=Surface(name=acc2d92 SnapshotStartingWindow for taskId=1244)/@0x81999af
03-15 22:17:37.965  1320  1320 D SurfaceFlinger:      CLIENT | 0xb4000070f9473270 | 0102 | RGBA_8888    |    0.0    0.0 1080.0 2400.0 |    1    2 1079 2396 | com.android.todolist/com.android.todolist.MainActivity$_6740#1388
03-15 22:17:37.983  2078  5242 D WindowManager: 	container=Task{4e1d452 #1244 type=standard A=10197:com.android.todolist U=0 visible=true visibleRequested=true mode=fullscreen translucent=false sz=1}
03-15 22:17:38.009  1320  1320 D SurfaceFlinger:      DEVICE | 0xb4000070f9473270 | 0102 | RGBA_8888    |    0.0    0.0 1080.0 2400.0 |    0    0 1080 2400 | com.android.todolist/com.android.todolist.MainActivity$_6740#1388
03-15 22:17:38.039 12152 12869 I SAMSUNGPAY: [Hint_js0] isHomePackageRunning topPkgName = com.android.todolist, topClsName = com.android.todolist.MainActivity, return false , se : false
03-15 22:17:38.043  3304  3737 I AppInfo : set ComponentInfo{com.android.todolist/com.android.todolist.MainActivity} app progress level to 100
03-15 22:17:38.056  3304  3737 I SuggestedItemsFacade: DPS items : To Do List, ComponentInfo{com.android.todolist/com.android.todolist.MainActivity}
03-15 22:17:38.167  2078  3062 D MdnieScenarioControlService:  packageName : com.android.todolist    className : com.android.todolist.MainActivity
03-15 22:17:38.203  2078  2157 D SGM:GameManager: identifyForegroundApp. com.android.todolist, mCurrentUserId: 0, callerUserId: 0
03-15 22:17:38.203  2078  2157 D SGM:PkgDataHelper: getGamePkgData(). com.android.todolist
03-15 22:17:38.365  2078  2543 D SemWifiSwitchForIndividualAppsService: isPackageException - result:3, com.android.todolist
03-15 22:17:43.660  2078  7734 D SGM:GameManager: identifyGamePackage. com.android.todolist, mCurrentUserId: 0, callerUserId: 0, callingMethodInfo: com.android.server.ssrm.SortingMachine.isGame(SortingMachine.java:162)
03-15 22:17:43.660  2078  7734 D SGM:PkgDataHelper: getGamePkgData(). com.android.todolist
03-15 22:17:47.782  2078  5242 D SGM:GameManager: identifyForegroundApp. com.android.todolist, mCurrentUserId: 0, callerUserId: 0
03-15 22:17:47.783  2078  5242 D SGM:PkgDataHelper: getGamePkgData(). com.android.todolist
03-15 22:17:56.259  3304  3304 I TopTaskTracker: getCachedTopTask : tasks = [TaskInfo{userId=0 taskId=1244 displayId=0 isRunning=true baseIntent=Intent { act=android.intent.action.MAIN cat=[android.intent.category.LAUNCHER] flg=0x10200000 cmp=com.android.todolist/.MainActivity } baseActivity=ComponentInfo{com.android.todolist/com.android.todolist.MainActivity} topActivity=ComponentInfo{com.android.todolist/com.android.todolist.MainActivity} origActivity=null realActivity=ComponentInfo{com.android.todolist/com.android.todolist.MainActivity} numActivities=1 lastActiveTime=5924305 supportsSplitScreenMultiWindow=true supportsMultiWindow=true resizeMode=1 isResizeable=true minWidth=-1 minHeight=-1 defaultMinSize=220 token=WCT{android.window.IWindowContainerToken$Stub$Proxy@6986b70} topActivityType=1 pictureInPictureParams=null shouldDockBigOverlays=false launchIntoPipHostTaskId=0 displayCutoutSafeInsets=Rect(0, 88 - 0, 0) topActivityInfo=ActivityInfo{8420ee9 com.android.todolist.MainActivity} launchCookies=[com.android.launcher3.util.ObjectWrapper@76f20e9] positionInParent=Point(0, 0) parentTaskId=-1 isFocused=false isVisible=false isSleeping=false topActivityInSizeCompat=false topActivityEligibleForLetterboxEducation= false locusId=null displayAreaFeatureId=1 cameraCompatControlState=hidden originallySupportedSplitScreen=true hasWallpaper=false isTopTransparentActivity=false topActivityInFixedAspectRatio=false topActivityInDisplayCompat=false topActivityInBoundsCompat=false topActivityBounds=null}, TaskInfo{userId=0 taskId=1245 displayId=0 isRunning=true baseIntent=Intent { act=android.intent.action.MAIN cat=[android.intent.category.LAUNCHER] flg=0x10200000 cmp=com.ghisler.android.TotalCommander/.TotalCommander } baseActivity=ComponentInfo{com.ghisler.android.TotalCommander/com.ghisler.android.TotalCommander.TotalCommander} topActivity=ComponentInfo{com.ghisler.android.TotalCommander/com.ghisler.android.TotalCommander.TotalCommander} origActivity=null realActivity=ComponentInfo{com.ghisler.android.TotalCommander/com.ghisler.android.TotalCommander.TotalCommander} numActivities=1 lastActiveTime=5935316 supportsSplitScreenMultiWindow=true supportsMultiWindow=true resizeMode=2 isResizeable=true minWidth=-1 minHeight=-1 defaultMinSize=220 token=WCT{android.window.IWindowContainerToken$Stub$Proxy@247bf40} topActivityType=1 pictureInPictureParams=null shouldDockBigOverlays=false launchIntoPipHostTaskId=0 displayCutoutSafeInsets=Rect(0, 88 - 0, 0) topActivityInfo=ActivityInfo{521e79 com.ghisler.android.TotalCommander.TotalCommander} launchCookies=[com.android.launcher3.util.ObjectWrapper@9eff67a] positionInParent=Point(0, 0) parentTaskId=-1 isFocused=false isVisible=false isSleeping=false topActivityInSizeCompat=false topActivityEligibleForLetterboxEducation= false locusId=null displayAreaFeatureId=1 cameraCompatControlState=hidden originallySupportedSplitScreen=true hasWallpaper=false isTopTransparentActivity=false topActivityInFixedAspectRatio=false topActivityInDisplayCompat=false topActivityInBoundsCompat=false topActivityBounds=null}, TaskInfo{userId=0 taskId=1236 displayId=0 isRunning=true baseIntent=Intent { act=android.intent.action.MAIN cat=[android.intent.category.HOME] flg=0x10000100 cmp=com.sec.android.app.launcher/.activities.LauncherActivity } baseActivity=ComponentInfo{com.sec.android.app.launcher/com.sec.android.app.launcher.activities.LauncherActivity} topActivity=ComponentInfo{com.sec.android.app.launcher/com.android.launcher3.uioverrides.QuickstepLauncher} origActivity=ComponentInfo{com.sec.android.app.launcher/com.sec.android.app.launcher.activities.LauncherActivity} realActivity=ComponentInfo{com.sec.android.app.launcher/com.android.launcher3.uioverrides.QuickstepLauncher} numActivities=1 lastActiveTime=5868792 supportsSplitScreenMultiWindow=true supportsMultiWindow=true resizeMode=2 isResizeable=true minWidth=-1 minHeight=-1 defaultMinSize=220 token=WCT{android.window.IWindowContainerToken$Stub$Proxy@38e316e} topActivityType=2 pictureInPictureParams=null shouldDockBigOverlays=false launchIntoPipHostTaskId=0 display
03-15 22:17:56.280  2078  2730 D WindowManager: Moved rootTask=Task{5bccf73 #1 type=home ?? U=0 visible=false visibleRequested=false mode=fullscreen translucent=true sz=1} behind rootTask=Task{4e1d452 #1244 type=standard A=10197:com.android.todolist U=0 visible=true visibleRequested=true mode=fullscreen translucent=false sz=1}
03-15 22:17:56.287  3304  3304 I ApplyLoadPlanOperationImpl: taskId = 1244, ComponentInfo{com.android.todolist/com.android.todolist.MainActivity} ]
03-15 22:17:56.305 12152 12869 I SAMSUNGPAY: [Hint_js0] isHomePackageRunning topPkgName = com.android.todolist, topClsName = com.android.todolist.MainActivity, return false , se : false
03-15 22:17:56.336  3304 21477 I AppIconSolution: getThemeIconWithBG called with public API, pkg = com.android.todolist, mode = 48
03-15 22:17:56.336  3304 21477 I AppIconSolution: return adaptive icon for com.android.todolist, isNight = false
03-15 22:17:56.338  3304 21477 I LauncherActivityInfo: packageName: com.android.todolist, useThemeIcon: false, height: 189, width: 189, density: 420
03-15 22:17:56.341  2078  5242 D InputDispatcher: Focus left window (0): 91ef92f com.android.todolist/com.android.todolist.MainActivity
03-15 22:17:56.359  3304  3737 I SuggestedItemsFacade: filteredItem : com.android.todolist/com.android.todolist.MainActivity#0
03-15 22:17:56.359  3304  3737 I SuggestedItemsFacade: item removed by filter - com.android.todolist
03-15 22:17:56.388  1320  1320 D SurfaceFlinger:      CLIENT | 0xb4000071096181f0 | 0102 | RGBA_8888    |    0.0    0.0 1014.0 2400.0 |   68    2 1080 2397 | com.android.todolist/com.android.todolist.MainActivity$_6740#1388
03-15 22:17:56.411  2078  2714 D ActivityTaskManager: setCanAffectSystemUiFlags: false for Task{4e1d452 #1244 type=standard A=10197:com.android.todolist U=0 visible=true visibleRequested=true mode=fullscreen translucent=false sz=1} from com.android.server.wm.RecentsAnimationController$3.setAnimationTargetsBehindSystemBars:342 android.view.IRecentsAnimationController$Stub.onTransact:317 android.os.Binder.execTransactInternal:1316 android.os.Binder.execTransact:1280 <bottom of call stack> <bottom of call stack> <bottom of call stack> <bottom of call stack> <bottom of call stack> <bottom of call stack> 
03-15 22:17:56.414  2662  2662 D SamsungLightBarControlHelper: onStatusBarAppearanceChanged() -  sbModeChanged:false, statusBarMode:MODE_TRANSPARENT, barState:SHADE, isKeyguardShowing:false, navbarColorManagedByIme:false, stackAppearancesChanged:true, (AppearanceRegion{LIGHT_STATUS_BARS bounds=[0,0][1080,2400]}, ), packageName:com.android.todolist
03-15 22:17:56.414  2078  2158 D WindowManager: updateSystemBarAttributes: displayId=0, win=Window{91ef92f u0 com.android.todolist/com.android.todolist.MainActivity}, navColorWin=Window{698b0d2 u0 com.sec.android.app.launcher/com.sec.android.app.launcher.activities.LauncherActivity}, focusedCanBeNavColorWin=false, behavior=1, appearance=0, statusBarAppearanceRegions=[AppearanceRegion{LIGHT_STATUS_BARS bounds=[0,0][1080,2400]}], requestedVisibilities=, from=com.android.server.wm.DisplayPolicy.finishPostLayoutPolicyLw:2527 com.android.server.wm.DisplayContent.applySurfaceChangesTransaction:5693 com.android.server.wm.RootWindowContainer.applySurfaceChangesTransaction:1234 
03-15 22:17:56.415  2662  2662 D NavigationBar: onSystemBarAttributesChanged() -  displayId:0, appearance:0, packageName: com.android.todolist, navbarColorManagedByIme:false
03-15 22:17:56.416  2662  2662 D SamsungLightBarControlHelper: updateNavigation(White button) isLightBar:false, hasLightBarNavigationBarFlag:false, packageName:com.android.todolist, DirectReplying:false, NavBarColorManagerdByIme:false, ForceDarkForScrim:false, QsCustomizing:false, PanelHasWhiteBg:true
03-15 22:17:56.418  2662  2662 D SamsungLightBarControlHelper: updateStatus(BLACK icon) NumStacks:1, StatusBarMode:MODE_TRANSPARENT, lightBarBounds:[Rect(0, 0 - 1080, 2400)], StatusBarState:SHADE, packageName:com.android.todolist, isWhiteKeyguardStatusBarBySettings:true
03-15 22:17:56.436  2078  3062 D MdnieScenarioControlService:  packageName : com.android.todolist    className : com.android.todolist.MainActivity
03-15 22:17:56.744  2078  5242 D ActivityTaskManager: setCanAffectSystemUiFlags: true for Task{4e1d452 #1244 type=standard A=10197:com.android.todolist U=0 visible=true visibleRequested=true mode=fullscreen translucent=false sz=1} from com.android.server.wm.RecentsAnimationController$TaskAnimationAdapter.onRemove:1448 com.android.server.wm.RecentsAnimationController.removeAnimation:612 com.android.server.wm.RecentsAnimationController.cleanupAnimation:1080 com.android.server.wm.WindowManagerService.cleanupRecentsAnimation:3500 com.android.server.wm.RecentsAnimation.lambda$finishAnimation$0:354 com.android.server.wm.RecentsAnimation.$r8$lambda$I2tOJ5Vj5ug_uSlyaHOonygt-D0:0 com.android.server.wm.RecentsAnimation$$ExternalSyntheticLambda2.run:8 com.android.server.wm.WindowManagerService.inSurfaceTransaction:9606 com.android.server.wm.RecentsAnimation.finishAnimation:344 com.android.server.wm.RecentsAnimation.onAnimationFinished:471 
03-15 22:17:56.746  2078  5242 D WindowManager: onAnimationFinished(): targetRootTask=Task{5bccf73 #1 type=home ?? U=0 visible=false visibleRequested=true mode=fullscreen translucent=false sz=1} targetActivity=ActivityRecord{68fd71a u0 com.sec.android.app.launcher/.activities.LauncherActivity} t1236} mRestoreTargetBehindRootTask=Task{4e1d452 #1244 type=standard A=10197:com.android.todolist U=0 visible=true visibleRequested=true mode=fullscreen translucent=false sz=1}
03-15 22:17:56.747  2078  5242 V WindowManager: Changing focus from Window{91ef92f u0 com.android.todolist/com.android.todolist.MainActivity} to Window{698b0d2 u0 com.sec.android.app.launcher/com.sec.android.app.launcher.activities.LauncherActivity} displayId=0 Callers=com.android.server.wm.RootWindowContainer.updateFocusedWindowLocked:595 com.android.server.wm.WindowManagerService.updateFocusedWindowLocked:6803 com.android.server.wm.DisplayContent.layoutAndAssignWindowLayersIfNeeded:4780 com.android.server.wm.TaskDisplayArea.positionChildTaskAt:587 
03-15 22:17:56.750  2078  5242 D ActivityTaskManager: scheduleTopResumedActivityChanged, onTop=false r=ActivityRecord{2b9b0dd u0 com.android.todolist/.MainActivity} t1244} caller=com.android.server.wm.ActivityTaskSupervisor.updateTopResumedActivityIfNeeded:2508 com.android.server.wm.TaskDisplayArea.positionChildTaskAt:602 com.android.server.wm.TaskDisplayArea.positionChildAt:537 com.android.server.wm.Task.moveToFrontInner:5974 com.android.server.wm.Task.moveToFront:5940 com.android.server.wm.Task.moveToFront:5874 
03-15 22:17:56.767  2078  5242 V WindowManager: Setting visibility of Window{91ef92f u0 com.android.todolist/com.android.todolist.MainActivity}: false, caller=com.android.server.wm.WindowContainer.sendAppVisibilityToClients:1246 com.android.server.wm.WindowToken.setClientVisible:431 com.android.server.wm.ActivityRecord.setClientVisible:7682 com.android.server.wm.ActivityRecord.onAnimationFinished:8552 com.android.server.wm.ActivityRecord.postApplyAnimation:6243 
03-15 22:17:56.773  1320  1320 I Layer   : Layer [com.android.todolist/com.android.todolist.MainActivity$_6740#1388] hidden!! flag(1)
03-15 22:17:56.774  1320  1320 I SurfaceFlinger: [91ef92f com.android.todolist/com.android.todolist.MainActivity#1127] FrameRatePriority: -1
03-15 22:17:56.779  2078  2157 D SGM:FgCheckThread: notePauseComponent(), received pkgName: com.android.todolist, userId: 0
03-15 22:17:56.788  2078  5242 V WindowManager: Relayout Window{91ef92f u0 com.android.todolist/com.android.todolist.MainActivity}: viewVisibility=8 req=1080x2400 d0
03-15 22:17:56.808  6740  6740 I ViewRootImpl@79b5006[MainActivity]: WindowStopped on com.android.todolist/com.android.todolist.MainActivity set to true
03-15 22:17:56.825  2078  2730 V WindowManager: Relayout Window{91ef92f u0 com.android.todolist/com.android.todolist.MainActivity}: viewVisibility=8 req=1080x2400 d0
03-15 22:17:56.851  2078  5242 E WindowManager: win=Window{91ef92f u0 com.android.todolist/com.android.todolist.MainActivity} destroySurfaces: appStopped=true cleanupOnResume=false win.mWindowRemovalAllowed=false win.mRemoveOnExit=false win.mViewVisibility=8 caller=com.android.server.wm.ActivityRecord.destroySurfaces:6529 com.android.server.wm.ActivityRecord.destroySurfaces:6510 com.android.server.wm.ActivityRecord.notifyAppStopped:6574 com.android.server.wm.ActivityRecord.activityStopped:7162 com.android.server.wm.ActivityClientController.activityStopped:258 android.app.IActivityClientController$Stub.onTransact:613 com.android.server.wm.ActivityClientController.onTransact:136 
03-15 22:17:56.851  2078  5242 I WindowManager: Destroying surface Surface(name=com.android.todolist/com.android.todolist.MainActivity$_6740)/@0x87a9749 called by com.android.server.wm.WindowStateAnimator.destroySurface:942 com.android.server.wm.WindowStateAnimator.destroySurfaceLocked:536 com.android.server.wm.WindowState.destroySurfaceUnchecked:4303 com.android.server.wm.WindowState.destroySurface:4277 com.android.server.wm.ActivityRecord.destroySurfaces:6529 com.android.server.wm.ActivityRecord.destroySurfaces:6510 com.android.server.wm.ActivityRecord.notifyAppStopped:6574 com.android.server.wm.ActivityRecord.activityStopped:7162 
03-15 22:17:56.852  2078  5242 D ActivityTaskManager: mStartingWindow and mStartingData is null for token=ActivityRecord{2b9b0dd u0 com.android.todolist/.MainActivity} t1244}
03-15 22:17:56.862  1320  1320 I Layer   : id=1388 removedFromDrawingState com.android.todolist/com.android.todolist.MainActivity$_6740#1388 (120)
03-15 22:17:56.862  1320  1320 I SurfaceFlinger: id=1388 Removed com.android.todolist/com.android.todolist.MainActivity$_6740#1388 (120)
03-15 22:17:56.863  1320  1320 I Layer   : id=1388 Destroyed com.android.todolist/com.android.todolist.MainActivity$_6740#1388
03-15 22:17:57.731  3304  3737 I AppInfo : set ComponentInfo{com.android.todolist/com.android.todolist.MainActivity} app progress level to 100
03-15 22:17:57.759  3304  3737 I SuggestedItemsFacade: DPS items : To Do List, ComponentInfo{com.android.todolist/com.android.todolist.MainActivity}
03-15 22:18:29.794  2078  2312 I UMR     : B|Compact com.android.todolist(6740)
03-15 22:19:29.770  2078  3454 D FreecessController: com.android.todolist(state: Initial -> Freezeable, Reason: uidIdle)
03-15 22:20:15.279  2078  2189 D FreecessController: FZ : com.android.todolist(6740)
03-15 22:20:15.279  2078  2189 D FreecessController: FZ : com.android.todolist(0), reason: LEV
03-15 22:23:34.633  3304  3737 I AppInfo : set ComponentInfo{com.android.todolist/com.android.todolist.MainActivity} app progress level to 100
03-15 22:23:34.653  3304  3737 I SuggestedItemsFacade: DPS items : To Do List, ComponentInfo{com.android.todolist/com.android.todolist.MainActivity}
03-15 22:23:36.845  3304  3304 I TopTaskTracker: getCachedTopTask : tasks = [TaskInfo{userId=0 taskId=1245 displayId=0 isRunning=true baseIntent=Intent { act=android.intent.action.MAIN cat=[android.intent.category.LAUNCHER] flg=0x10200000 cmp=com.ghisler.android.TotalCommander/.TotalCommander } baseActivity=ComponentInfo{com.ghisler.android.TotalCommander/com.ghisler.android.TotalCommander.TotalCommander} topActivity=ComponentInfo{com.ghisler.android.TotalCommander/com.ghisler.android.TotalCommander.TotalCommander} origActivity=null realActivity=ComponentInfo{com.ghisler.android.TotalCommander/com.ghisler.android.TotalCommander.TotalCommander} numActivities=1 lastActiveTime=6361179 supportsSplitScreenMultiWindow=true supportsMultiWindow=true resizeMode=2 isResizeable=true minWidth=-1 minHeight=-1 defaultMinSize=220 token=WCT{android.window.IWindowContainerToken$Stub$Proxy@41a69e0} topActivityType=1 pictureInPictureParams=null shouldDockBigOverlays=false launchIntoPipHostTaskId=0 displayCutoutSafeInsets=Rect(0, 88 - 0, 0) topActivityInfo=ActivityInfo{ec18499 com.ghisler.android.TotalCommander.TotalCommander} launchCookies=[com.android.launcher3.util.ObjectWrapper@9eff67a] positionInParent=Point(0, 0) parentTaskId=-1 isFocused=false isVisible=false isSleeping=false topActivityInSizeCompat=false topActivityEligibleForLetterboxEducation= false locusId=null displayAreaFeatureId=1 cameraCompatControlState=hidden originallySupportedSplitScreen=true hasWallpaper=false isTopTransparentActivity=false topActivityInFixedAspectRatio=false topActivityInDisplayCompat=false topActivityInBoundsCompat=false topActivityBounds=null}, TaskInfo{userId=0 taskId=1244 displayId=0 isRunning=true baseIntent=Intent { act=android.intent.action.MAIN cat=[android.intent.category.LAUNCHER] flg=0x10200000 cmp=com.android.todolist/.MainActivity } baseActivity=ComponentInfo{com.android.todolist/com.android.todolist.MainActivity} topActivity=ComponentInfo{com.android.todolist/com.android.todolist.MainActivity} origActivity=null realActivity=ComponentInfo{com.android.todolist/com.android.todolist.MainActivity} numActivities=1 lastActiveTime=5924305 supportsSplitScreenMultiWindow=true supportsMultiWindow=true resizeMode=1 isResizeable=true minWidth=-1 minHeight=-1 defaultMinSize=220 token=WCT{android.window.IWindowContainerToken$Stub$Proxy@6986b70} topActivityType=1 pictureInPictureParams=null shouldDockBigOverlays=false launchIntoPipHostTaskId=0 displayCutoutSafeInsets=Rect(0, 88 - 0, 0) topActivityInfo=ActivityInfo{8420ee9 com.android.todolist.MainActivity} launchCookies=[com.android.launcher3.util.ObjectWrapper@76f20e9] positionInParent=Point(0, 0) parentTaskId=-1 isFocused=false isVisible=false isSleeping=false topActivityInSizeCompat=false topActivityEligibleForLetterboxEducation= false locusId=null displayAreaFeatureId=1 cameraCompatControlState=hidden originallySupportedSplitScreen=true hasWallpaper=false isTopTransparentActivity=false topActivityInFixedAspectRatio=false topActivityInDisplayCompat=false topActivityInBoundsCompat=false topActivityBounds=null}, TaskInfo{userId=0 taskId=1236 displayId=0 isRunning=true baseIntent=Intent { act=android.intent.action.MAIN cat=[android.intent.category.HOME] flg=0x10000100 cmp=com.sec.android.app.launcher/.activities.LauncherActivity } baseActivity=ComponentInfo{com.sec.android.app.launcher/com.sec.android.app.launcher.activities.LauncherActivity} topActivity=ComponentInfo{com.sec.android.app.launcher/com.android.launcher3.uioverrides.QuickstepLauncher} origActivity=ComponentInfo{com.sec.android.app.launcher/com.sec.android.app.launcher.activities.LauncherActivity} realActivity=ComponentInfo{com.sec.android.app.launcher/com.android.launcher3.uioverrides.QuickstepLauncher} numActivities=1 lastActiveTime=5868792 supportsSplitScreenMultiWindow=true supportsMultiWindow=true resizeMode=2 isResizeable=true minWidth=-1 minHeight=-1 defaultMinSize=220 token=WCT{android.window.IWindowContainerToken$Stub$Proxy@38e316e} topActivityType=2 pictureInPictureParams=null shouldDockBigOverlays=false launchIntoPipHostTaskId=0 displa
03-15 22:23:36.869  3304  3304 I ApplyLoadPlanOperationImpl: taskId = 1244, ComponentInfo{com.android.todolist/com.android.todolist.MainActivity}
03-15 22:23:36.991  3304 21477 I AppIconSolution: getThemeIconWithBG called with public API, pkg = com.android.todolist, mode = 48
03-15 22:23:36.991  3304 21477 I AppIconSolution: return adaptive icon for com.android.todolist, isNight = false
03-15 22:23:36.991  3304 21477 I LauncherActivityInfo: packageName: com.android.todolist, useThemeIcon: false, height: 189, width: 189, density: 420
03-15 22:23:37.101  3304  3737 I SuggestedItemsFacade: filteredItem : com.android.todolist/com.android.todolist.MainActivity#0
03-15 22:23:37.101  3304  3737 I SuggestedItemsFacade: item removed by filter - com.android.todolist
03-15 22:23:39.443  2078  2157 I ChimeraSystemEventListener: appLaunchIntent package name is: com.android.todolist
03-15 22:23:39.447  2078  4100 D InputDispatcher: Focused application(0): ActivityRecord{2b9b0dd u0 com.android.todolist/.MainActivity} t1244}
03-15 22:23:39.452  2078  4100 D SGM:FgCheckThread:   sendRunningComponentFocus(), pkgName: com.android.todolist, userId: 0
03-15 22:23:39.453  2078  2375 D SGM:FgCheckThread: onLooperPrepared(), msg: MSG_TASK_FOCUSED, pkgName: com.android.todolist, userId: 0
03-15 22:23:39.453  2078  2375 D SGM:FgCheckThread:   handleTaskFocused(), pkgName: com.android.todolist, userID:0 mResumedPkgMap does not containsKey.
03-15 22:23:39.459  2078  4100 V WindowManager: Added starting ActivityRecord{2b9b0dd u0 com.android.todolist/.MainActivity} t1244}: startingWindow=null startingView=com.android.server.wm.StartingSurfaceController$StartingSurface@e15236f
03-15 22:23:39.470  2078  2354 V WindowManager: addWindow: ActivityRecord{2b9b0dd u0 com.android.todolist/.MainActivity} t1244} startingWindow=Window{c166505 u0 SnapshotStartingWindow for taskId=1244}
03-15 22:23:39.481  2078  4100 D MARsPolicyManager: onPackageResumedFG pkgName = com.android.todolist, userId = 0
03-15 22:23:39.481  2078  4100 D FreecessController: UFZ : com.android.todolist(6740)
03-15 22:23:39.484  2078  4100 D FreecessController: UFZ : com.android.todolist(0), reason: CancelPolicy
03-15 22:23:39.489  2078  4100 V WindowManager: Setting visibility of Window{91ef92f u0 com.android.todolist/com.android.todolist.MainActivity}: true, caller=com.android.server.wm.WindowContainer.sendAppVisibilityToClients:1246 com.android.server.wm.WindowToken.setClientVisible:431 com.android.server.wm.ActivityRecord.setClientVisible:7682 com.android.server.wm.ActivityRecord.setVisibility:6082 com.android.server.wm.ActivityRecord.setVisibility:5975 
03-15 22:23:39.490  2078  4100 D ActivityTaskManager: scheduleTopResumedActivityChanged, onTop=true r=ActivityRecord{2b9b0dd u0 com.android.todolist/.MainActivity} t1244} caller=com.android.server.wm.ActivityTaskSupervisor.scheduleTopResumedActivityStateIfNeeded:2533 com.android.server.wm.ActivityTaskSupervisor.updateTopResumedActivityIfNeeded:2525 com.android.server.wm.TaskFragment.setResumedActivity:493 com.android.server.wm.TaskFragment.onActivityStateChanged:805 com.android.server.wm.ActivityRecord.setState:6396 com.android.server.wm.TaskFragment.resumeTopActivity:1629 
03-15 22:23:39.492  2078  4100 D WindowManagerServiceExt: notifyOccludeChangeNotice: cn=ComponentInfo{com.android.todolist/com.android.todolist.MainActivity} occludesParent=true inMultiWindow=false styleFloating=false caller=com.android.server.wm.WindowManagerServiceExt.updateOccludeTargetIfNeeded:1402 com.android.server.wm.DisplayContent.ensureActivitiesVisible:7509 com.android.server.wm.RootWindowContainer.ensureActivitiesVisible:2248 com.android.server.wm.RootWindowContainer.ensureVisibilityAndConfig:2126 com.android.server.wm.TaskFragment.resumeTopActivity:1652 
03-15 22:23:39.492  2078  4100 D WindowManager: rotationForOrientation, orientationSource=ActivityRecord{2b9b0dd u0 com.android.todolist/.MainActivity} t1244}
03-15 22:23:39.492  2078  4100 D WindowManager: rotationForOrientation, orientationSource=ActivityRecord{2b9b0dd u0 com.android.todolist/.MainActivity} t1244}
03-15 22:23:39.498  2078  4100 D WindowManager: rotationForOrientation, orientationSource=ActivityRecord{2b9b0dd u0 com.android.todolist/.MainActivity} t1244}
03-15 22:23:39.502  6740  6740 I ViewRootImpl@79b5006[MainActivity]: WindowStopped on com.android.todolist/com.android.todolist.MainActivity set to false
03-15 22:23:39.509  2078  2157 I GameSDK@LifeCycle: noteResumeComponent(): package name  : com.android.todolist
03-15 22:23:39.509  2078  2157 D SGM:FgCheckThread: noteResumeComponent(), received pkgName: com.android.todolist, userId: 0
03-15 22:23:39.509  2078  2375 D SGM:FgCheckThread: onLooperPrepared(), msg: MSG_APP_RESUME, pkgName: com.android.todolist, userid: 0
03-15 22:23:39.509  2078  2375 D SGM:FgCheckThread:   handleResume(). pkgName: com.android.todolist, userId: 0, isTunableApp: null
03-15 22:23:39.509  2078  2375 D SGM:FgCheckThread: notifyFocusInOut(). of pkg: com.android.todolist, type: 4, isTunableApp: false, userId: 0
03-15 22:23:39.509  2078  2158 D WindowManager: createAnimationAdapter(): container=Task{4e1d452 #1244 type=standard A=10197:com.android.todolist U=0 visible=true visibleRequested=true mode=fullscreen translucent=false sz=1}
03-15 22:23:39.511  2078  2158 D WindowManager: 	Add container=Task{4e1d452 #1244 type=standard A=10197:com.android.todolist U=0 visible=true visibleRequested=true mode=fullscreen translucent=false sz=1}
03-15 22:23:39.516  2078  2158 I WindowManager: container=Task{4e1d452 #1244 type=standard A=10197:com.android.todolist U=0 visible=true visibleRequested=true mode=fullscreen translucent=false sz=1}
03-15 22:23:39.516  2078  2158 I WindowManager:   taskInfo=TaskInfo{userId=0 taskId=1244 displayId=0 isRunning=true baseIntent=Intent { act=android.intent.action.MAIN cat=[android.intent.category.LAUNCHER] flg=0x10200000 cmp=com.android.todolist/.MainActivity } baseActivity=ComponentInfo{com.android.todolist/com.android.todolist.MainActivity} topActivity=ComponentInfo{com.android.todolist/com.android.todolist.MainActivity} origActivity=null realActivity=ComponentInfo{com.android.todolist/com.android.todolist.MainActivity} numActivities=1 lastActiveTime=6671417 supportsSplitScreenMultiWindow=true supportsMultiWindow=true resizeMode=1 isResizeable=true minWidth=-1 minHeight=-1 defaultMinSize=220 token=WCT{RemoteToken{7cd2dae Task{4e1d452 #1244 type=standard A=10197:com.android.todolist U=0 visible=true visibleRequested=true mode=fullscreen translucent=false sz=1}}} topActivityType=1 pictureInPictureParams=null shouldDockBigOverlays=false launchIntoPipHostTaskId=0 displayCutoutSafeInsets=Rect(0, 88 - 0, 0) topActivityInfo=ActivityInfo{8dba74f com.android.todolist.MainActivity} launchCookies=[android.os.BinderProxy@89a7edc] positionInParent=Point(0, 0) parentTaskId=-1 isFocused=true isVisible=true isSleeping=false topActivityInSizeCompat=false topActivityEligibleForLetterboxEducation= false locusId=null displayAreaFeatureId=1 cameraCompatControlState=hidden originallySupportedSplitScreen=true hasWallpaper=false isTopTransparentActivity=false topActivityInFixedAspectRatio=false topActivityInDisplayCompat=false topActivityInBoundsCompat=false topActivityBounds=null}
03-15 22:23:39.520  2078  2157 D SGM:GameManager: identifyGamePackage. com.android.todolist, mCurrentUserId: 0, callerUserId: 0, callingMethodInfo: com.android.server.ssrm.SortingMachine.isGame(SortingMachine.java:162)
03-15 22:23:39.520  2078  2157 D SGM:PkgDataHelper: getGamePkgData(). com.android.todolist
03-15 22:23:39.523  2078  2157 D SGM:GameManager: identifyGamePackage. com.android.todolist, mCurrentUserId: 0, callerUserId: 0, callingMethodInfo: com.samsung.android.game.SemGameManager.isGamePackage(SemGameManager.java:104)
03-15 22:23:39.523  2078  2157 D SGM:PkgDataHelper: getGamePkgData(). com.android.todolist
03-15 22:23:39.523  2078  2157 D SGM:SemGameManager: isGamePackage(), pkgName=com.android.todolist, ret=false
03-15 22:23:39.533  2078  4100 V WindowManager: Relayout Window{91ef92f u0 com.android.todolist/com.android.todolist.MainActivity}: viewVisibility=0 req=1080x2400 d0
03-15 22:23:39.534  1320  2398 I SurfaceFlinger: id=1490 createSurf, flag=40004, com.android.todolist/com.android.todolist.MainActivity$_6740#1490
03-15 22:23:39.534  2078  4100 D WindowManager: makeSurface duration=1 name=com.android.todolist/com.android.todolist.MainActivity$_6740
03-15 22:23:39.539  2078  4100 V WindowManager: Changing focus from null to Window{91ef92f u0 com.android.todolist/com.android.todolist.MainActivity} displayId=0 Callers=com.android.server.wm.RootWindowContainer.updateFocusedWindowLocked:595 com.android.server.wm.WindowManagerService.updateFocusedWindowLocked:6803 com.android.server.wm.WindowManagerService.relayoutWindow:2813 com.android.server.wm.Session.relayout:274 
03-15 22:23:39.544  2078  4100 D WindowManager: updateSystemBarAttributes: displayId=0, win=Window{91ef92f u0 com.android.todolist/com.android.todolist.MainActivity}, navColorWin=Window{c166505 u0 SnapshotStartingWindow for taskId=1244}, focusedCanBeNavColorWin=false, behavior=1, appearance=16, statusBarAppearanceRegions=[AppearanceRegion{ bounds=[0,0][1080,2400]}], requestedVisibilities=, from=com.android.server.wm.DisplayPolicy.focusChangedLw:3245 com.android.server.wm.DisplayContent.updateFocusedWindowLocked:4618 com.android.server.wm.RootWindowContainer.updateFocusedWindowLocked:595 
03-15 22:23:39.553  2078  5242 D SGM:GameManager: identifyForegroundApp. com.android.todolist, mCurrentUserId: 0, callerUserId: 0
03-15 22:23:39.553  2078  5242 D SGM:PkgDataHelper: getGamePkgData(). com.android.todolist
03-15 22:23:39.554  2662  2662 D NavigationBar: onSystemBarAttributesChanged() -  displayId:0, appearance:16, packageName: com.android.todolist (APPEARANCE_LIGHT_NAVIGATION_BARS ), navbarColorManagedByIme:false
03-15 22:23:39.555  2662  2662 D SamsungLightBarControlHelper: updateNavigation(Black button) isLightBar:false, hasLightBarNavigationBarFlag:true, packageName:com.android.todolist, DirectReplying:false, NavBarColorManagerdByIme:false, ForceDarkForScrim:false, QsCustomizing:false, PanelHasWhiteBg:true
03-15 22:23:39.558 12152 12869 I SAMSUNGPAY: [Hint_js0] isHomePackageRunning topPkgName = com.android.todolist, topClsName = com.android.todolist.MainActivity, return false , se : false
03-15 22:23:39.561  2078  4100 D SGM:GameManager: identifyGamePackage. com.android.todolist, mCurrentUserId: 0, callerUserId: 0, callingMethodInfo: com.samsung.android.game.IGameManagerService$Stub.onTransact(IGameManagerService.java:233)
03-15 22:23:39.562  2078  4100 D SGM:PkgDataHelper: getGamePkgData(). com.android.todolist
03-15 22:23:39.568  1320  1320 I SurfaceFlinger: [91ef92f com.android.todolist/com.android.todolist.MainActivity#1127] FrameRatePriority: 1
03-15 22:23:39.569  2078  5226 D InputDispatcher: Focus request (0): 91ef92f com.android.todolist/com.android.todolist.MainActivity but waiting because NO_WINDOW
03-15 22:23:39.576  2078  4100 D WindowManager: finishDrawingWindow: Window{91ef92f u0 com.android.todolist/com.android.todolist.MainActivity} mDrawState=DRAW_PENDING seqId=0
03-15 22:23:39.579  2078  2158 V WindowManager: Finish starting ActivityRecord{2b9b0dd u0 com.android.todolist/.MainActivity} t1244}: first real window is shown, no animation
03-15 22:23:39.582  2078  2158 V WindowManager: Schedule remove starting ActivityRecord{2b9b0dd u0 com.android.todolist/.MainActivity} t1244} startingWindow=null startingView=null Callers=com.android.server.wm.ActivityRecord.removeStartingWindow:3224 com.android.server.wm.ActivityRecord.onFirstWindowDrawn:7450 com.android.server.wm.WindowState.performShowLocked:5469 com.android.server.wm.WindowStateAnimator.commitFinishDrawingLocked:351 com.android.server.wm.DisplayContent.lambda$new$8:1184 
03-15 22:23:39.582  2078  2158 V WindowManager: performShowLocked: mDrawState=HAS_DRAWN in Window{91ef92f u0 com.android.todolist/com.android.todolist.MainActivity}
03-15 22:23:39.583  2078  2154 W ziparchive: Unable to open '/data/app/~~ODQ6aogEbgLXYZbsozUW-A==/com.android.todolist-Ecz-yBCsJeIIqYPCeVsJUQ==/base.dm': No such file or directory
03-15 22:23:39.586  2078  2154 I PkgPredictorService-SecIpmManagerServiceImpl: reportToNAP uid:10197 com.android.todolist/com.android.todolist.MainActivity thisTime:138
03-15 22:23:39.586  2078  2158 D ActivityTaskManager: mStartingWindow and mStartingData is null for token=ActivityRecord{2b9b0dd u0 com.android.todolist/.MainActivity} t1244}
03-15 22:23:39.590  1320  1320 I Layer   : Layer [com.android.todolist/com.android.todolist.MainActivity$_6740#1490] hidden!! flag(0)
03-15 22:23:39.591  2078  4100 D InputDispatcher: Focus entered window (0): 91ef92f com.android.todolist/com.android.todolist.MainActivity
03-15 22:23:39.600  1320  1320 D SurfaceFlinger:      CLIENT | 0xb4000070efedb0e0 | 0102 | RGBA_8888    |    0.0   76.0 1080.0 2290.0 |  188  357  892 1799 | com.android.todolist/com.android.todolist.MainActivity$_6740#1490
03-15 22:23:39.680  2078  3062 D MdnieScenarioControlService:  packageName : com.android.todolist    className : com.android.todolist.MainActivity
03-15 22:23:39.687  2078  5242 I WindowManager: Reparenting to leash, surface=Surface(name=c166505 SnapshotStartingWindow for taskId=1244)/@0x4d644c3, leashParent=Surface(name=ActivityRecord{2b9b0dd u0 com.android.todolist/.MainActivity} t1244})/@0x9343535
03-15 22:23:39.849  2078  2158 I WindowManager: Reparenting to original parent: Surface(name=ActivityRecord{2b9b0dd u0 com.android.todolist/.MainActivity} t1244})/@0x9343535, destroy=true, surface=Surface(name=c166505 SnapshotStartingWindow for taskId=1244)/@0x4d644c3
03-15 22:23:39.867  2078  5242 D WindowManager: 	container=Task{4e1d452 #1244 type=standard A=10197:com.android.todolist U=0 visible=true visibleRequested=true mode=fullscreen translucent=false sz=1}
03-15 22:23:39.867  1320  1320 D SurfaceFlinger:      CLIENT | 0xb4000070efedddf0 | 0102 | RGBA_8888    |    0.0    0.0 1080.0 2400.0 |    0    0 1080 2399 | com.android.todolist/com.android.todolist.MainActivity$_6740#1490
03-15 22:23:39.889  1320  1320 D SurfaceFlinger:      DEVICE | 0xb4000070efedddf0 | 0102 | RGBA_8888    |    0.0    0.0 1080.0 2400.0 |    0    0 1080 2400 | com.android.todolist/com.android.todolist.MainActivity$_6740#1490
03-15 22:23:39.898  3304  3737 I AppInfo : set ComponentInfo{com.android.todolist/com.android.todolist.MainActivity} app progress level to 100
03-15 22:23:39.932  3304  3737 I SuggestedItemsFacade: DPS items : To Do List, ComponentInfo{com.android.todolist/com.android.todolist.MainActivity}
03-15 22:23:39.947 12152 12869 I SAMSUNGPAY: [Hint_js0] isHomePackageRunning topPkgName = com.android.todolist, topClsName = com.android.todolist.MainActivity, return false , se : false
03-15 22:23:40.073  2078  3062 D MdnieScenarioControlService:  packageName : com.android.todolist    className : com.android.todolist.MainActivity
03-15 22:23:40.114  2078  2157 D SGM:GameManager: identifyForegroundApp. com.android.todolist, mCurrentUserId: 0, callerUserId: 0
03-15 22:23:40.115  2078  2157 D SGM:PkgDataHelper: getGamePkgData(). com.android.todolist
03-15 22:23:40.178  2078  7734 D SGM:GameManager: identifyGamePackage. com.android.todolist, mCurrentUserId: 0, callerUserId: 0, callingMethodInfo: com.android.server.ssrm.SortingMachine.isGame(SortingMachine.java:162)
03-15 22:23:40.178  2078  7734 D SGM:PkgDataHelper: getGamePkgData(). com.android.todolist
03-15 22:23:40.311  2078  2543 D SemWifiSwitchForIndividualAppsService: isPackageException - result:3, com.android.todolist
03-15 22:23:45.525  2078  7734 D SGM:GameManager: identifyGamePackage. com.android.todolist, mCurrentUserId: 0, callerUserId: 0, callingMethodInfo: com.android.server.ssrm.SortingMachine.isGame(SortingMachine.java:162)
03-15 22:23:45.525  2078  7734 D SGM:PkgDataHelper: getGamePkgData(). com.android.todolist
03-15 22:23:50.894  2078  4100 D SGM:GameManager: identifyForegroundApp. com.android.todolist, mCurrentUserId: 0, callerUserId: 0
03-15 22:23:50.895  2078  4100 D SGM:PkgDataHelper: getGamePkgData(). com.android.todolist
03-15 22:25:08.230  2078  2199 D ActivityTaskManager: scheduleTopResumedActivityChanged, onTop=false r=ActivityRecord{2b9b0dd u0 com.android.todolist/.MainActivity} t1244} caller=com.android.server.wm.ActivityTaskSupervisor.updateTopResumedActivityIfNeeded:2508 com.android.server.wm.TaskFragment.setResumedActivity:493 com.android.server.wm.TaskFragment.onActivityStateChanged:790 com.android.server.wm.ActivityRecord.setState:6396 com.android.server.wm.TaskFragment.startPausing:1880 com.android.server.wm.TaskFragment.startPausing:1817 
03-15 22:25:08.242  2078  2157 D SGM:FgCheckThread: notePauseComponent(), received pkgName: com.android.todolist, userId: 0
03-15 22:25:08.242  2078  5226 V WindowManager: Changing focus from Window{91ef92f u0 com.android.todolist/com.android.todolist.MainActivity} to null displayId=0 Callers=com.android.server.wm.RootWindowContainer.updateFocusedWindowLocked:595 com.android.server.wm.WindowManagerService.updateFocusedWindowLocked:6803 com.android.server.wm.ActivityRecord.commitVisibility:6208 com.android.server.wm.ActivityRecord.commitVisibility:6219 
03-15 22:25:08.243  2078  5226 D MARsPolicyManager: onPackageResumedFG pkgName = com.android.todolist, userId = 0
03-15 22:25:08.245  2078  5226 V WindowManager: Setting visibility of Window{91ef92f u0 com.android.todolist/com.android.todolist.MainActivity}: false, caller=com.android.server.wm.WindowContainer.sendAppVisibilityToClients:1246 com.android.server.wm.WindowToken.setClientVisible:431 com.android.server.wm.ActivityRecord.setClientVisible:7682 com.android.server.wm.ActivityRecord.onAnimationFinished:8552 com.android.server.wm.ActivityRecord.postApplyAnimation:6243 
03-15 22:25:08.252  1320  1320 I Layer   : Layer [com.android.todolist/com.android.todolist.MainActivity$_6740#1490] hidden!! flag(1)
03-15 22:25:08.253  1320  1320 I SurfaceFlinger: [91ef92f com.android.todolist/com.android.todolist.MainActivity#1127] FrameRatePriority: -1
03-15 22:25:08.256  2078  5226 D InputDispatcher: Focus left window (0): 91ef92f com.android.todolist/com.android.todolist.MainActivity
03-15 22:25:08.296  2078  5242 V WindowManager: Relayout Window{91ef92f u0 com.android.todolist/com.android.todolist.MainActivity}: viewVisibility=8 req=1080x2400 d0
03-15 22:25:08.309  6740  6740 I ViewRootImpl@79b5006[MainActivity]: WindowStopped on com.android.todolist/com.android.todolist.MainActivity set to true
03-15 22:25:08.337  2078  5226 V WindowManager: Relayout Window{91ef92f u0 com.android.todolist/com.android.todolist.MainActivity}: viewVisibility=8 req=1080x2400 d0
03-15 22:25:08.349  2078  5226 E WindowManager: win=Window{91ef92f u0 com.android.todolist/com.android.todolist.MainActivity} destroySurfaces: appStopped=true cleanupOnResume=false win.mWindowRemovalAllowed=false win.mRemoveOnExit=false win.mViewVisibility=8 caller=com.android.server.wm.ActivityRecord.destroySurfaces:6529 com.android.server.wm.ActivityRecord.destroySurfaces:6510 com.android.server.wm.ActivityRecord.notifyAppStopped:6574 com.android.server.wm.ActivityRecord.activityStopped:7162 com.android.server.wm.ActivityClientController.activityStopped:258 android.app.IActivityClientController$Stub.onTransact:613 com.android.server.wm.ActivityClientController.onTransact:136 
03-15 22:25:08.349  2078  5226 I WindowManager: Destroying surface Surface(name=com.android.todolist/com.android.todolist.MainActivity$_6740)/@0xafaef3e called by com.android.server.wm.WindowStateAnimator.destroySurface:942 com.android.server.wm.WindowStateAnimator.destroySurfaceLocked:536 com.android.server.wm.WindowState.destroySurfaceUnchecked:4303 com.android.server.wm.WindowState.destroySurface:4277 com.android.server.wm.ActivityRecord.destroySurfaces:6529 com.android.server.wm.ActivityRecord.destroySurfaces:6510 com.android.server.wm.ActivityRecord.notifyAppStopped:6574 com.android.server.wm.ActivityRecord.activityStopped:7162 
03-15 22:25:08.351  2078  5226 D ActivityTaskManager: mStartingWindow and mStartingData is null for token=ActivityRecord{2b9b0dd u0 com.android.todolist/.MainActivity} t1244}
03-15 22:25:08.462  1320  1320 I Layer   : id=1490 removedFromDrawingState com.android.todolist/com.android.todolist.MainActivity$_6740#1490 (122)
03-15 22:25:08.463  1320  1320 I SurfaceFlinger: id=1490 Removed com.android.todolist/com.android.todolist.MainActivity$_6740#1490 (122)
03-15 22:25:08.466  1320  1320 I Layer   : id=1490 Destroyed com.android.todolist/com.android.todolist.MainActivity$_6740#1490
03-15 22:25:08.967  2078  5226 D SGM:GameManager: identifyForegroundApp. com.android.todolist, mCurrentUserId: 0, callerUserId: 0
03-15 22:25:08.967  2078  5226 D SGM:PkgDataHelper: getGamePkgData(). com.android.todolist
03-15 22:26:19.332  2078  2078 D SGM:GameManager: identifyGamePackage. com.android.todolist, mCurrentUserId: 0, callerUserId: 0, callingMethodInfo: com.android.server.ssrm.SortingMachine.isGame(SortingMachine.java:162)
03-15 22:26:19.332  2078  2078 D SGM:PkgDataHelper: getGamePkgData(). com.android.todolist
03-15 22:26:19.627 12152 12869 I SAMSUNGPAY: [Hint_js0] isHomePackageRunning topPkgName = com.android.todolist, topClsName = com.android.todolist.MainActivity, return false , se : false
03-15 22:26:19.695  3304  3737 I AppInfo : set ComponentInfo{com.android.todolist/com.android.todolist.MainActivity} app progress level to 100
03-15 22:26:19.713  3304  3737 I SuggestedItemsFacade: DPS items : To Do List, ComponentInfo{com.android.todolist/com.android.todolist.MainActivity}
03-15 22:26:20.837  2078  3738 D MARsPolicyManager: onPackageResumedFG pkgName = com.android.todolist, userId = 0
03-15 22:26:20.839  2078  3738 V WindowManager: Setting visibility of Window{91ef92f u0 com.android.todolist/com.android.todolist.MainActivity}: true, caller=com.android.server.wm.WindowContainer.sendAppVisibilityToClients:1246 com.android.server.wm.WindowToken.setClientVisible:431 com.android.server.wm.ActivityRecord.setClientVisible:7682 com.android.server.wm.ActivityRecord.setVisibility:6082 com.android.server.wm.ActivityRecord.setVisibility:5975 
03-15 22:26:20.840  2078  3738 D ActivityTaskManager: scheduleTopResumedActivityChanged, onTop=true r=ActivityRecord{2b9b0dd u0 com.android.todolist/.MainActivity} t1244} caller=com.android.server.wm.ActivityTaskSupervisor.scheduleTopResumedActivityStateIfNeeded:2533 com.android.server.wm.ActivityTaskSupervisor.updateTopResumedActivityIfNeeded:2525 com.android.server.wm.TaskFragment.setResumedActivity:493 com.android.server.wm.TaskFragment.onActivityStateChanged:805 com.android.server.wm.ActivityRecord.setState:6396 com.android.server.wm.TaskFragment.resumeTopActivity:1629 
03-15 22:26:20.842  2078  3738 D WindowManagerServiceExt: notifyOccludeChangeNotice: cn=ComponentInfo{com.android.todolist/com.android.todolist.MainActivity} occludesParent=true inMultiWindow=false styleFloating=false caller=com.android.server.wm.WindowManagerServiceExt.updateOccludeTargetIfNeeded:1402 com.android.server.wm.DisplayContent.ensureActivitiesVisible:7509 com.android.server.wm.RootWindowContainer.ensureActivitiesVisible:2248 com.android.server.wm.RootWindowContainer.ensureVisibilityAndConfig:2126 com.android.server.wm.TaskFragment.resumeTopActivity:1652 
03-15 22:26:20.842  2078  3738 D WindowManager: rotationForOrientation, orientationSource=ActivityRecord{2b9b0dd u0 com.android.todolist/.MainActivity} t1244}
03-15 22:26:20.843  2078  3738 D WindowManager: rotationForOrientation, orientationSource=ActivityRecord{2b9b0dd u0 com.android.todolist/.MainActivity} t1244}
03-15 22:26:20.847  2078  3738 D WindowManager: rotationForOrientation, orientationSource=ActivityRecord{2b9b0dd u0 com.android.todolist/.MainActivity} t1244}
03-15 22:26:20.847  2078  2157 I GameSDK@LifeCycle: noteResumeComponent(): package name  : com.android.todolist
03-15 22:26:20.848  2078  2157 D SGM:FgCheckThread: noteResumeComponent(), received pkgName: com.android.todolist, userId: 0
03-15 22:26:20.848  2078  2375 D SGM:FgCheckThread: onLooperPrepared(), msg: MSG_APP_RESUME, pkgName: com.android.todolist, userid: 0
03-15 22:26:20.852  6740  6740 I ViewRootImpl@79b5006[MainActivity]: WindowStopped on com.android.todolist/com.android.todolist.MainActivity set to false
03-15 22:26:20.854  2078  3738 D WindowManager: rotationForOrientation, orientationSource=ActivityRecord{2b9b0dd u0 com.android.todolist/.MainActivity} t1244}
03-15 22:26:20.855  2078  3738 V WindowManager: Added starting ActivityRecord{2b9b0dd u0 com.android.todolist/.MainActivity} t1244}: startingWindow=null startingView=com.android.server.wm.StartingSurfaceController$StartingSurface@ef14b23
03-15 22:26:20.875  2078  3738 V WindowManager: addWindow: ActivityRecord{2b9b0dd u0 com.android.todolist/.MainActivity} t1244} startingWindow=Window{c4e564c u0 SnapshotStartingWindow for taskId=1244}
03-15 22:26:20.894  2078  2158 D WindowManager: createAnimationAdapter(): container=Task{4e1d452 #1244 type=standard A=10197:com.android.todolist U=0 visible=true visibleRequested=true mode=fullscreen translucent=false sz=1}
03-15 22:26:20.897  2078  2158 D WindowManager: 	Add container=Task{4e1d452 #1244 type=standard A=10197:com.android.todolist U=0 visible=true visibleRequested=true mode=fullscreen translucent=false sz=1}
03-15 22:26:20.902  2078  2158 I WindowManager: container=Task{4e1d452 #1244 type=standard A=10197:com.android.todolist U=0 visible=true visibleRequested=true mode=fullscreen translucent=false sz=1}
